
PLAY [graylog test] ************************************************************

TASK [Gathering Facts] *********************************************************
ok: [localhost]

TASK [prepare setup] ***********************************************************
changed: [localhost]

TASK [prepare testing branch] **************************************************
changed: [localhost]

TASK [run playbook] ************************************************************
changed: [localhost]

PLAY RECAP *********************************************************************
localhost                  : ok=4    changed=3    unreachable=0    failed=0    skipped=0    rescued=0    ignored=0   

